{
  "version": "1.5.0",
  "plugins_used": [
    {
      "name": "ArtifactoryDetector"
    },
    {
      "name": "AWSKeyDetector"
    },
    {
      "name": "AzureStorageKeyDetector"
    },
    {
      "name": "Base64HighEntropyString",
      "limit": 4.5
    },
    {
      "name": "BasicAuthDetector"
    },
    {
      "name": "CloudantDetector"
    },
    {
      "name": "DiscordBotTokenDetector"
    },
    {
      "name": "GitHubTokenDetector"
    },
    {
      "name": "GitLabTokenDetector"
    },
    {
      "name": "HexHighEntropyString",
      "limit": 3.0
    },
    {
      "name": "IbmCloudIamDetector"
    },
    {
      "name": "IbmCosHmacDetector"
    },
    {
      "name": "IPPublicDetector"
    },
    {
      "name": "JwtTokenDetector"
    },
    {
      "name": "KeywordDetector",
      "keyword_exclude": ""
    },
    {
      "name": "MailchimpDetector"
    },
    {
      "name": "NpmDetector"
    },
    {
      "name": "OpenAIDetector"
    },
    {
      "name": "PrivateKeyDetector"
    },
    {
      "name": "PypiTokenDetector"
    },
    {
      "name": "SendGridDetector"
    },
    {
      "name": "SlackDetector"
    },
    {
      "name": "SoftlayerDetector"
    },
    {
      "name": "SquareOAuthDetector"
    },
    {
      "name": "StripeDetector"
    },
    {
      "name": "TelegramBotTokenDetector"
    },
    {
      "name": "TwilioKeyDetector"
    }
  ],
  "filters_used": [
    {
      "path": "detect_secrets.filters.allowlist.is_line_allowlisted"
    },
    {
      "path": "detect_secrets.filters.common.is_baseline_file",
      "filename": ".secrets.baseline"
    },
    {
      "path": "detect_secrets.filters.common.is_ignored_due_to_verification_policies",
      "min_level": 2
    },
    {
      "path": "detect_secrets.filters.heuristic.is_indirect_reference"
    },
    {
      "path": "detect_secrets.filters.heuristic.is_likely_id_string"
    },
    {
      "path": "detect_secrets.filters.heuristic.is_lock_file"
    },
    {
      "path": "detect_secrets.filters.heuristic.is_not_alphanumeric_string"
    },
    {
      "path": "detect_secrets.filters.heuristic.is_potential_uuid"
    },
    {
      "path": "detect_secrets.filters.heuristic.is_prefixed_with_dollar_sign"
    },
    {
      "path": "detect_secrets.filters.heuristic.is_sequential_string"
    },
    {
      "path": "detect_secrets.filters.heuristic.is_swagger_file"
    },
    {
      "path": "detect_secrets.filters.heuristic.is_templated_secret"
    },
    {
      "path": "detect_secrets.filters.regex.should_exclude_file",
      "pattern": [
        "_archive/.*",
        "memory/.*",
        "secrets/.*",
        "skills/.*/_meta\\.json"
      ]
    }
  ],
  "results": {
    ".github/workflows/secrets-audit.yml": [
      {
        "type": "Secret Keyword",
        "filename": ".github/workflows/secrets-audit.yml",
        "hashed_secret": "9b987ba61393a5bb3c6d47905137123214d9b207",
        "is_verified": false,
        "line_number": 44
      },
      {
        "type": "Secret Keyword",
        "filename": ".github/workflows/secrets-audit.yml",
        "hashed_secret": "bd134b2efb2a88a58033613d1b3a906535b483ed",
        "is_verified": false,
        "line_number": 44
      }
    ],
    "a2a-server/federation_envelope.js": [
      {
        "type": "Secret Keyword",
        "filename": "a2a-server/federation_envelope.js",
        "hashed_secret": "71f8e7976e4cbc4561c9d62fb283e7f788202acb",
        "is_verified": false,
        "line_number": 96
      }
    ],
    "a2a-server/server.js": [
      {
        "type": "Telegram Bot Token",
        "filename": "a2a-server/server.js",
        "hashed_secret": "39e02ca8a036e1ddb17c50d095b0e33904dfc5a1",
        "is_verified": true,
        "line_number": 45
      }
    ],
    "a2a-server/vault999_writer_fix.py": [
      {
        "type": "Hex High Entropy String",
        "filename": "a2a-server/vault999_writer_fix.py",
        "hashed_secret": "c1a24eef82a63df51fd7fbcdbc5a008c996ef2da",
        "is_verified": false,
        "line_number": 131
      }
    ],
    "contracts/mcp_surface.yaml": [
      {
        "type": "Secret Keyword",
        "filename": "contracts/mcp_surface.yaml",
        "hashed_secret": "1a77d416224cbbe77a439cfd6c198030cb522872",
        "is_verified": false,
        "line_number": 31
      }
    ],
    "scripts/deepseek-forge/README.md": [
      {
        "type": "Secret Keyword",
        "filename": "scripts/deepseek-forge/README.md",
        "hashed_secret": "ec3810e10fb78db55ce38b9c18d1c3eb1db739e0",
        "is_verified": false,
        "line_number": 24
      },
      {
        "type": "Secret Keyword",
        "filename": "scripts/deepseek-forge/README.md",
        "hashed_secret": "006516fac9005f83edf1407528cec6757067b65f",
        "is_verified": false,
        "line_number": 216
      }
    ],
    "src/gateway/server.ts": [
      {
        "type": "Telegram Bot Token",
        "filename": "src/gateway/server.ts",
        "hashed_secret": "39e02ca8a036e1ddb17c50d095b0e33904dfc5a1",
        "is_verified": true,
        "line_number": 19
      }
    ],
    "wiki/.arifos/wiki_files.jsonl": [
      {
        "type": "Hex High Entropy String",
        "filename": "wiki/.arifos/wiki_files.jsonl",
        "hashed_secret": "f4d9cd1006fddb0b6617906e4bc62e3398cea323",
        "is_verified": false,
        "line_number": 1
      },
      {
        "type": "Hex High Entropy String",
        "filename": "wiki/.arifos/wiki_files.jsonl",
        "hashed_secret": "365a14f18ed8918e032e11c49a9e0559c7a180ca",
        "is_verified": false,
        "line_number": 2
      },
      {
        "type": "Hex High Entropy String",
        "filename": "wiki/.arifos/wiki_files.jsonl",
        "hashed_secret": "0034baf5fd823b7411a4e0806a6b9614a9168a2f",
        "is_verified": false,
        "line_number": 3
      },
      {
        "type": "Hex High Entropy String",
        "filename": "wiki/.arifos/wiki_files.jsonl",
        "hashed_secret": "b257849ab4decbe60dc68d3e520b23b24b86a96f",
        "is_verified": false,
        "line_number": 4
      },
      {
        "type": "Hex High Entropy String",
        "filename": "wiki/.arifos/wiki_files.jsonl",
        "hashed_secret": "6ba8e32f3973162df8a3d6e1ce93f13d0ecb30e2",
        "is_verified": false,
        "line_number": 5
      },
      {
        "type": "Hex High Entropy String",
        "filename": "wiki/.arifos/wiki_files.jsonl",
        "hashed_secret": "86a5ee3c4a6e51c832bc1fcc6d79bbb78d6d058c",
        "is_verified": false,
        "line_number": 6
      },
      {
        "type": "Hex High Entropy String",
        "filename": "wiki/.arifos/wiki_files.jsonl",
        "hashed_secret": "06178f497650a5a08d5bfc9e1af3e6628c50b6e5",
        "is_verified": false,
        "line_number": 7
      },
      {
        "type": "Hex High Entropy String",
        "filename": "wiki/.arifos/wiki_files.jsonl",
        "hashed_secret": "cf7e3c881cba93d3441848bd07680c0029bc87bd",
        "is_verified": false,
        "line_number": 8
      },
      {
        "type": "Hex High Entropy String",
        "filename": "wiki/.arifos/wiki_files.jsonl",
        "hashed_secret": "ae590c6ae7627a44cf240b7c26f2d04a5a7d56b0",
        "is_verified": false,
        "line_number": 9
      },
      {
        "type": "Hex High Entropy String",
        "filename": "wiki/.arifos/wiki_files.jsonl",
        "hashed_secret": "c87d1d2e3c9d47a4e78ef144807600239ac65c01",
        "is_verified": false,
        "line_number": 10
      },
      {
        "type": "Hex High Entropy String",
        "filename": "wiki/.arifos/wiki_files.jsonl",
        "hashed_secret": "5437a03d50c3d84d4fd3a9dad84b4ca03e2babb9",
        "is_verified": false,
        "line_number": 11
      },
      {
        "type": "Hex High Entropy String",
        "filename": "wiki/.arifos/wiki_files.jsonl",
        "hashed_secret": "ad270998366eb2b6bd296657e8f3819f08a50451",
        "is_verified": false,
        "line_number": 12
      },
      {
        "type": "Hex High Entropy String",
        "filename": "wiki/.arifos/wiki_files.jsonl",
        "hashed_secret": "3d8c7490a59da871ef2c8bc502cd82058a33096f",
        "is_verified": false,
        "line_number": 13
      },
      {
        "type": "Hex High Entropy String",
        "filename": "wiki/.arifos/wiki_files.jsonl",
        "hashed_secret": "51481f942c317dcdc4167568271c4cf669c650ed",
        "is_verified": false,
        "line_number": 14
      },
      {
        "type": "Hex High Entropy String",
        "filename": "wiki/.arifos/wiki_files.jsonl",
        "hashed_secret": "2690544eb0ba483775f03a180b1b8ad07d345b7f",
        "is_verified": false,
        "line_number": 15
      },
      {
        "type": "Hex High Entropy String",
        "filename": "wiki/.arifos/wiki_files.jsonl",
        "hashed_secret": "cf0cbd9c48750d19b681e40bbbe4a66d3da8468f",
        "is_verified": false,
        "line_number": 16
      },
      {
        "type": "Hex High Entropy String",
        "filename": "wiki/.arifos/wiki_files.jsonl",
        "hashed_secret": "d8b04aba2974e234aa00a6834053e17b50359f33",
        "is_verified": false,
        "line_number": 17
      },
      {
        "type": "Hex High Entropy String",
        "filename": "wiki/.arifos/wiki_files.jsonl",
        "hashed_secret": "cc321fc9588f804cce3d072df022aaf7742f0c26",
        "is_verified": false,
        "line_number": 18
      },
      {
        "type": "Hex High Entropy String",
        "filename": "wiki/.arifos/wiki_files.jsonl",
        "hashed_secret": "aad9f946729917e6aecbea1f7a49652f554d44f7",
        "is_verified": false,
        "line_number": 19
      },
      {
        "type": "Hex High Entropy String",
        "filename": "wiki/.arifos/wiki_files.jsonl",
        "hashed_secret": "5a2be037037ee1755e83455733c5c1b585e30718",
        "is_verified": false,
        "line_number": 20
      },
      {
        "type": "Hex High Entropy String",
        "filename": "wiki/.arifos/wiki_files.jsonl",
        "hashed_secret": "b2dbb97ad12bdab999794cea7df5860c32ac3325",
        "is_verified": false,
        "line_number": 21
      },
      {
        "type": "Hex High Entropy String",
        "filename": "wiki/.arifos/wiki_files.jsonl",
        "hashed_secret": "57ff03b55fa3c697dedb6425bb5cefb2bcdc3433",
        "is_verified": false,
        "line_number": 22
      },
      {
        "type": "Hex High Entropy String",
        "filename": "wiki/.arifos/wiki_files.jsonl",
        "hashed_secret": "1a718b5f0b8137785f8b64a45fe6c800795e61ca",
        "is_verified": false,
        "line_number": 23
      },
      {
        "type": "Hex High Entropy String",
        "filename": "wiki/.arifos/wiki_files.jsonl",
        "hashed_secret": "e4bb725d6211af9541f13a35af9dc61455e13583",
        "is_verified": false,
        "line_number": 24
      },
      {
        "type": "Hex High Entropy String",
        "filename": "wiki/.arifos/wiki_files.jsonl",
        "hashed_secret": "bdf64818cd5a91c6f22c4bd67138096eb3d94abd",
        "is_verified": false,
        "line_number": 25
      },
      {
        "type": "Hex High Entropy String",
        "filename": "wiki/.arifos/wiki_files.jsonl",
        "hashed_secret": "73731dae6d037378dc07807cd7242ac010b2895e",
        "is_verified": false,
        "line_number": 26
      },
      {
        "type": "Hex High Entropy String",
        "filename": "wiki/.arifos/wiki_files.jsonl",
        "hashed_secret": "78bc674a84f6ef0ce86bef7f7006a32869906e05",
        "is_verified": false,
        "line_number": 27
      },
      {
        "type": "Hex High Entropy String",
        "filename": "wiki/.arifos/wiki_files.jsonl",
        "hashed_secret": "bf7cebbb0cd36144428ae9ae91260cdbba574279",
        "is_verified": false,
        "line_number": 28
      },
      {
        "type": "Hex High Entropy String",
        "filename": "wiki/.arifos/wiki_files.jsonl",
        "hashed_secret": "93161e99d8c0ef4f175ea0a28a883354393b9db3",
        "is_verified": false,
        "line_number": 29
      },
      {
        "type": "Hex High Entropy String",
        "filename": "wiki/.arifos/wiki_files.jsonl",
        "hashed_secret": "c291b3b4619a572b6ace1a326f8aeef093fde989",
        "is_verified": false,
        "line_number": 30
      },
      {
        "type": "Hex High Entropy String",
        "filename": "wiki/.arifos/wiki_files.jsonl",
        "hashed_secret": "745f25e70ef14c5e61aa91a2e141bd5534a9b034",
        "is_verified": false,
        "line_number": 31
      },
      {
        "type": "Hex High Entropy String",
        "filename": "wiki/.arifos/wiki_files.jsonl",
        "hashed_secret": "4967f0a51bce9deb55d5ceaca624763a307b2fae",
        "is_verified": false,
        "line_number": 32
      },
      {
        "type": "Hex High Entropy String",
        "filename": "wiki/.arifos/wiki_files.jsonl",
        "hashed_secret": "58e5e7b53a355e4e73cc72754f9a625cb3bdc2fa",
        "is_verified": false,
        "line_number": 33
      },
      {
        "type": "Hex High Entropy String",
        "filename": "wiki/.arifos/wiki_files.jsonl",
        "hashed_secret": "462030e08ee7baa6f64bbd3c0dd881914e1ef7d1",
        "is_verified": false,
        "line_number": 34
      },
      {
        "type": "Hex High Entropy String",
        "filename": "wiki/.arifos/wiki_files.jsonl",
        "hashed_secret": "1e218be514c9e99b6a796a76dbe36dc87678c393",
        "is_verified": false,
        "line_number": 35
      },
      {
        "type": "Hex High Entropy String",
        "filename": "wiki/.arifos/wiki_files.jsonl",
        "hashed_secret": "c45e0be8209ce443fc1ed6f3c68867fbce274fc0",
        "is_verified": false,
        "line_number": 36
      },
      {
        "type": "Hex High Entropy String",
        "filename": "wiki/.arifos/wiki_files.jsonl",
        "hashed_secret": "ebad7493f1eb798c0ef0b21861e3b376d4431178",
        "is_verified": false,
        "line_number": 37
      },
      {
        "type": "Hex High Entropy String",
        "filename": "wiki/.arifos/wiki_files.jsonl",
        "hashed_secret": "4b3a283e321d7e191d9d41613aec3e2182039fb6",
        "is_verified": false,
        "line_number": 38
      },
      {
        "type": "Hex High Entropy String",
        "filename": "wiki/.arifos/wiki_files.jsonl",
        "hashed_secret": "dc2024dedf88b7e1b6e9d70c35c9732c033cfe3d",
        "is_verified": false,
        "line_number": 39
      },
      {
        "type": "Hex High Entropy String",
        "filename": "wiki/.arifos/wiki_files.jsonl",
        "hashed_secret": "7a604f5cf383cef03057d71bf5a6150a34efb146",
        "is_verified": false,
        "line_number": 40
      },
      {
        "type": "Hex High Entropy String",
        "filename": "wiki/.arifos/wiki_files.jsonl",
        "hashed_secret": "53f2d1556138c45b5d99a5a4d811ad602c2e70bc",
        "is_verified": false,
        "line_number": 41
      },
      {
        "type": "Hex High Entropy String",
        "filename": "wiki/.arifos/wiki_files.jsonl",
        "hashed_secret": "db27d4f465b3ba2a775ddd8383164bbc3b76a878",
        "is_verified": false,
        "line_number": 42
      },
      {
        "type": "Hex High Entropy String",
        "filename": "wiki/.arifos/wiki_files.jsonl",
        "hashed_secret": "a596618238420a63ecab8c7d6934af1245c8b72f",
        "is_verified": false,
        "line_number": 43
      },
      {
        "type": "Hex High Entropy String",
        "filename": "wiki/.arifos/wiki_files.jsonl",
        "hashed_secret": "6f414cc6d52a918a766d011c2b6eabfb0e89766f",
        "is_verified": false,
        "line_number": 44
      },
      {
        "type": "Hex High Entropy String",
        "filename": "wiki/.arifos/wiki_files.jsonl",
        "hashed_secret": "2bc3a52fc439cd4445a115863576743503289995",
        "is_verified": false,
        "line_number": 45
      },
      {
        "type": "Hex High Entropy String",
        "filename": "wiki/.arifos/wiki_files.jsonl",
        "hashed_secret": "ddf4457c93cf8f52b7cd69915bb1c958b3ec48e0",
        "is_verified": false,
        "line_number": 46
      },
      {
        "type": "Hex High Entropy String",
        "filename": "wiki/.arifos/wiki_files.jsonl",
        "hashed_secret": "9ca9363ce98172c20313e5833a447ae686d23919",
        "is_verified": false,
        "line_number": 47
      },
      {
        "type": "Hex High Entropy String",
        "filename": "wiki/.arifos/wiki_files.jsonl",
        "hashed_secret": "bc2c489eac889c5eb44f888ae58e9fa8b64ed64f",
        "is_verified": false,
        "line_number": 48
      },
      {
        "type": "Hex High Entropy String",
        "filename": "wiki/.arifos/wiki_files.jsonl",
        "hashed_secret": "6f45f7cb6185a5ab4894c8dd11779fc714fc179c",
        "is_verified": false,
        "line_number": 49
      },
      {
        "type": "Hex High Entropy String",
        "filename": "wiki/.arifos/wiki_files.jsonl",
        "hashed_secret": "cb12ff0adb0519e6e33c41d155bcab8ebac81a53",
        "is_verified": false,
        "line_number": 50
      },
      {
        "type": "Hex High Entropy String",
        "filename": "wiki/.arifos/wiki_files.jsonl",
        "hashed_secret": "29ce1fd4fbe0f7beb739ea1df7e01006e9e700fa",
        "is_verified": false,
        "line_number": 51
      },
      {
        "type": "Hex High Entropy String",
        "filename": "wiki/.arifos/wiki_files.jsonl",
        "hashed_secret": "cbeb388176a50453a823168a7ca3d6ff3c0f2529",
        "is_verified": false,
        "line_number": 52
      },
      {
        "type": "Hex High Entropy String",
        "filename": "wiki/.arifos/wiki_files.jsonl",
        "hashed_secret": "ec46497cf68e6ee9a3d376bb4ff905d853ed08d1",
        "is_verified": false,
        "line_number": 53
      },
      {
        "type": "Hex High Entropy String",
        "filename": "wiki/.arifos/wiki_files.jsonl",
        "hashed_secret": "8b322fae887ccf1bdd91bc015606ec192fe52182",
        "is_verified": false,
        "line_number": 54
      },
      {
        "type": "Hex High Entropy String",
        "filename": "wiki/.arifos/wiki_files.jsonl",
        "hashed_secret": "68c6972b09be4a98713da8c26749647d26960c90",
        "is_verified": false,
        "line_number": 55
      },
      {
        "type": "Hex High Entropy String",
        "filename": "wiki/.arifos/wiki_files.jsonl",
        "hashed_secret": "860c7ac6680b1b805a60d4068ae6776b08f73505",
        "is_verified": false,
        "line_number": 56
      },
      {
        "type": "Hex High Entropy String",
        "filename": "wiki/.arifos/wiki_files.jsonl",
        "hashed_secret": "042ca139b2e75822175901bbc8fbe870fa4922a0",
        "is_verified": false,
        "line_number": 57
      },
      {
        "type": "Hex High Entropy String",
        "filename": "wiki/.arifos/wiki_files.jsonl",
        "hashed_secret": "0db6a4e672d29396e0eff27dea5b1869d964926e",
        "is_verified": false,
        "line_number": 58
      },
      {
        "type": "Hex High Entropy String",
        "filename": "wiki/.arifos/wiki_files.jsonl",
        "hashed_secret": "f671b406b23278d34c39cea419a7c80bfb1858c6",
        "is_verified": false,
        "line_number": 59
      },
      {
        "type": "Hex High Entropy String",
        "filename": "wiki/.arifos/wiki_files.jsonl",
        "hashed_secret": "cbb71d58e441612be2ab26b66d0751a540cce824",
        "is_verified": false,
        "line_number": 60
      },
      {
        "type": "Hex High Entropy String",
        "filename": "wiki/.arifos/wiki_files.jsonl",
        "hashed_secret": "30edd18f00855c02f79847c164cf10a162e954c2",
        "is_verified": false,
        "line_number": 61
      },
      {
        "type": "Hex High Entropy String",
        "filename": "wiki/.arifos/wiki_files.jsonl",
        "hashed_secret": "71530083da4d24b51ae1f6a7e43b67eb8931b69e",
        "is_verified": false,
        "line_number": 62
      },
      {
        "type": "Hex High Entropy String",
        "filename": "wiki/.arifos/wiki_files.jsonl",
        "hashed_secret": "755d200d99b57505d52d5751cd3581caf596bd1a",
        "is_verified": false,
        "line_number": 63
      },
      {
        "type": "Hex High Entropy String",
        "filename": "wiki/.arifos/wiki_files.jsonl",
        "hashed_secret": "2b987177976f0f12735c65118845e8cb06821545",
        "is_verified": false,
        "line_number": 64
      },
      {
        "type": "Hex High Entropy String",
        "filename": "wiki/.arifos/wiki_files.jsonl",
        "hashed_secret": "0c752002dcdbc9ee13f6cd7d83a80afa311bf7ff",
        "is_verified": false,
        "line_number": 65
      },
      {
        "type": "Hex High Entropy String",
        "filename": "wiki/.arifos/wiki_files.jsonl",
        "hashed_secret": "e02af076faaaedf16c04b07117a1d0d82d851fe2",
        "is_verified": false,
        "line_number": 66
      },
      {
        "type": "Hex High Entropy String",
        "filename": "wiki/.arifos/wiki_files.jsonl",
        "hashed_secret": "12b282c144111f7464ed65931254eee85603ce77",
        "is_verified": false,
        "line_number": 67
      },
      {
        "type": "Hex High Entropy String",
        "filename": "wiki/.arifos/wiki_files.jsonl",
        "hashed_secret": "f00b0775d55c3d04ff2e184ddbf03d0e45ec642f",
        "is_verified": false,
        "line_number": 68
      },
      {
        "type": "Hex High Entropy String",
        "filename": "wiki/.arifos/wiki_files.jsonl",
        "hashed_secret": "af36f442be13101c6291e139405ddcf78e513bb1",
        "is_verified": false,
        "line_number": 69
      },
      {
        "type": "Hex High Entropy String",
        "filename": "wiki/.arifos/wiki_files.jsonl",
        "hashed_secret": "98fafb4c1c273a2f179dd9bb4f7b8294d596ff5a",
        "is_verified": false,
        "line_number": 70
      },
      {
        "type": "Hex High Entropy String",
        "filename": "wiki/.arifos/wiki_files.jsonl",
        "hashed_secret": "61252671c62d4d8c97872d51f5082ecf877a4605",
        "is_verified": false,
        "line_number": 71
      },
      {
        "type": "Hex High Entropy String",
        "filename": "wiki/.arifos/wiki_files.jsonl",
        "hashed_secret": "47c053395c977c5169c7aa5a36ff969e29df1285",
        "is_verified": false,
        "line_number": 72
      },
      {
        "type": "Hex High Entropy String",
        "filename": "wiki/.arifos/wiki_files.jsonl",
        "hashed_secret": "261c7516e7a97bf9b3653351302d4c486636e3c9",
        "is_verified": false,
        "line_number": 73
      },
      {
        "type": "Hex High Entropy String",
        "filename": "wiki/.arifos/wiki_files.jsonl",
        "hashed_secret": "813f85a2271f314c5e91145bae89f2795714c18a",
        "is_verified": false,
        "line_number": 74
      },
      {
        "type": "Hex High Entropy String",
        "filename": "wiki/.arifos/wiki_files.jsonl",
        "hashed_secret": "92d89f8e04863cf2273c3c5976a0cc9d1f7bbc62",
        "is_verified": false,
        "line_number": 75
      },
      {
        "type": "Hex High Entropy String",
        "filename": "wiki/.arifos/wiki_files.jsonl",
        "hashed_secret": "26dbba8562b318a4c8f58a75ef75a14bf09ccb51",
        "is_verified": false,
        "line_number": 76
      },
      {
        "type": "Hex High Entropy String",
        "filename": "wiki/.arifos/wiki_files.jsonl",
        "hashed_secret": "0ba2d7a3be351b366447e0cb274ba169b1d85f6d",
        "is_verified": false,
        "line_number": 77
      },
      {
        "type": "Hex High Entropy String",
        "filename": "wiki/.arifos/wiki_files.jsonl",
        "hashed_secret": "74b314a77749c38e07fb1ae115c6ae2336ba0084",
        "is_verified": false,
        "line_number": 78
      },
      {
        "type": "Hex High Entropy String",
        "filename": "wiki/.arifos/wiki_files.jsonl",
        "hashed_secret": "1f489fad0082eaa34869239fffa825a806ec00b6",
        "is_verified": false,
        "line_number": 79
      },
      {
        "type": "Hex High Entropy String",
        "filename": "wiki/.arifos/wiki_files.jsonl",
        "hashed_secret": "9bed1744cd6ffa9391df9c304ee159d5c6483bea",
        "is_verified": false,
        "line_number": 80
      },
      {
        "type": "Hex High Entropy String",
        "filename": "wiki/.arifos/wiki_files.jsonl",
        "hashed_secret": "a7320dd86dc893e3992186f755d5c774177a6033",
        "is_verified": false,
        "line_number": 81
      },
      {
        "type": "Hex High Entropy String",
        "filename": "wiki/.arifos/wiki_files.jsonl",
        "hashed_secret": "5e0eb3bf5f375c0e50c641fa27ce563481b17d42",
        "is_verified": false,
        "line_number": 82
      },
      {
        "type": "Hex High Entropy String",
        "filename": "wiki/.arifos/wiki_files.jsonl",
        "hashed_secret": "50f545aa8455f493d1ab65bad325b13bfc5130d0",
        "is_verified": false,
        "line_number": 83
      },
      {
        "type": "Hex High Entropy String",
        "filename": "wiki/.arifos/wiki_files.jsonl",
        "hashed_secret": "dd950d65be6ed7277b5dde3e58c3032b27b65f54",
        "is_verified": false,
        "line_number": 84
      },
      {
        "type": "Hex High Entropy String",
        "filename": "wiki/.arifos/wiki_files.jsonl",
        "hashed_secret": "f78fdc11684652a513b0be7bfe8dda567b4677b5",
        "is_verified": false,
        "line_number": 85
      },
      {
        "type": "Hex High Entropy String",
        "filename": "wiki/.arifos/wiki_files.jsonl",
        "hashed_secret": "5c1a2c8bfd4f911a2f5bf541d6dcbcd356844cd1",
        "is_verified": false,
        "line_number": 86
      },
      {
        "type": "Hex High Entropy String",
        "filename": "wiki/.arifos/wiki_files.jsonl",
        "hashed_secret": "89069ee364183acf8688ca618831b1c879e5b235",
        "is_verified": false,
        "line_number": 87
      },
      {
        "type": "Hex High Entropy String",
        "filename": "wiki/.arifos/wiki_files.jsonl",
        "hashed_secret": "2753d486bd3427c13a9bb9a554d61f6e6ee7fe29",
        "is_verified": false,
        "line_number": 88
      },
      {
        "type": "Hex High Entropy String",
        "filename": "wiki/.arifos/wiki_files.jsonl",
        "hashed_secret": "bc97fc7fe93e7516177f13d2ac2daf60ba812e20",
        "is_verified": false,
        "line_number": 89
      },
      {
        "type": "Hex High Entropy String",
        "filename": "wiki/.arifos/wiki_files.jsonl",
        "hashed_secret": "9dbc76be6061ee110e33c8029a8c9d990ec1d209",
        "is_verified": false,
        "line_number": 90
      },
      {
        "type": "Hex High Entropy String",
        "filename": "wiki/.arifos/wiki_files.jsonl",
        "hashed_secret": "40aa17b81420c3f408a54859a189b950815137ee",
        "is_verified": false,
        "line_number": 91
      },
      {
        "type": "Hex High Entropy String",
        "filename": "wiki/.arifos/wiki_files.jsonl",
        "hashed_secret": "04558e7cb3795e5f10055deb68a270fc8d02ebc9",
        "is_verified": false,
        "line_number": 92
      },
      {
        "type": "Hex High Entropy String",
        "filename": "wiki/.arifos/wiki_files.jsonl",
        "hashed_secret": "21206a5bf738d542882ebaf72442dab22e02cae9",
        "is_verified": false,
        "line_number": 93
      },
      {
        "type": "Hex High Entropy String",
        "filename": "wiki/.arifos/wiki_files.jsonl",
        "hashed_secret": "770e05041765d70cc3e31fad6037b91ddcaa11ac",
        "is_verified": false,
        "line_number": 94
      },
      {
        "type": "Hex High Entropy String",
        "filename": "wiki/.arifos/wiki_files.jsonl",
        "hashed_secret": "1aa34469e8e1c738e1f07e1177c9e013eca4a97f",
        "is_verified": false,
        "line_number": 95
      },
      {
        "type": "Hex High Entropy String",
        "filename": "wiki/.arifos/wiki_files.jsonl",
        "hashed_secret": "7b4b3a1418b52f16554a2c1ee6be1562e22637f3",
        "is_verified": false,
        "line_number": 96
      },
      {
        "type": "Hex High Entropy String",
        "filename": "wiki/.arifos/wiki_files.jsonl",
        "hashed_secret": "1fa95b11eaa0cabc14c2648ebc7a2a9103ce7ffd",
        "is_verified": false,
        "line_number": 97
      },
      {
        "type": "Hex High Entropy String",
        "filename": "wiki/.arifos/wiki_files.jsonl",
        "hashed_secret": "42c5d873b2039c3f19440d54ba0ae9442269dc52",
        "is_verified": false,
        "line_number": 98
      },
      {
        "type": "Hex High Entropy String",
        "filename": "wiki/.arifos/wiki_files.jsonl",
        "hashed_secret": "b94aa5a991cfbfced93ff560b22d5a070866dc76",
        "is_verified": false,
        "line_number": 99
      },
      {
        "type": "Hex High Entropy String",
        "filename": "wiki/.arifos/wiki_files.jsonl",
        "hashed_secret": "5f3ba76648a4d37e0f76ad8c4e30b84fc75b49b7",
        "is_verified": false,
        "line_number": 100
      },
      {
        "type": "Hex High Entropy String",
        "filename": "wiki/.arifos/wiki_files.jsonl",
        "hashed_secret": "23eeb331ebc36671a5bbab41d497726e0e4d0469",
        "is_verified": false,
        "line_number": 101
      },
      {
        "type": "Hex High Entropy String",
        "filename": "wiki/.arifos/wiki_files.jsonl",
        "hashed_secret": "d37bafeef92fc6a3200f122b8a3488dcea0668f8",
        "is_verified": false,
        "line_number": 102
      },
      {
        "type": "Hex High Entropy String",
        "filename": "wiki/.arifos/wiki_files.jsonl",
        "hashed_secret": "8c1d1a79c6bb6d17cc72bc868191a11892eafc4b",
        "is_verified": false,
        "line_number": 103
      },
      {
        "type": "Hex High Entropy String",
        "filename": "wiki/.arifos/wiki_files.jsonl",
        "hashed_secret": "c696f8cd57e187612f63d8f8eb0552638f22f356",
        "is_verified": false,
        "line_number": 104
      },
      {
        "type": "Hex High Entropy String",
        "filename": "wiki/.arifos/wiki_files.jsonl",
        "hashed_secret": "70954310e5c747863777fa5cfe00747608815ccb",
        "is_verified": false,
        "line_number": 105
      },
      {
        "type": "Hex High Entropy String",
        "filename": "wiki/.arifos/wiki_files.jsonl",
        "hashed_secret": "2d969fcf67d78641a909b5177e364f599d1fcbc0",
        "is_verified": false,
        "line_number": 106
      },
      {
        "type": "Hex High Entropy String",
        "filename": "wiki/.arifos/wiki_files.jsonl",
        "hashed_secret": "3618078bc09918b91fe9af00ecc9c2bc4e222467",
        "is_verified": false,
        "line_number": 107
      },
      {
        "type": "Hex High Entropy String",
        "filename": "wiki/.arifos/wiki_files.jsonl",
        "hashed_secret": "181f8df7b30c23f5feebd993e73abef0cdd3db56",
        "is_verified": false,
        "line_number": 108
      },
      {
        "type": "Hex High Entropy String",
        "filename": "wiki/.arifos/wiki_files.jsonl",
        "hashed_secret": "a91fa7b2b22b80a51f33eaadfef9123cdd22dedb",
        "is_verified": false,
        "line_number": 109
      },
      {
        "type": "Hex High Entropy String",
        "filename": "wiki/.arifos/wiki_files.jsonl",
        "hashed_secret": "8e3c057c1731da35109a9904e332ccedaed13d21",
        "is_verified": false,
        "line_number": 110
      },
      {
        "type": "Hex High Entropy String",
        "filename": "wiki/.arifos/wiki_files.jsonl",
        "hashed_secret": "638a992485e6a6cfb355874686070ac00054f8b8",
        "is_verified": false,
        "line_number": 111
      },
      {
        "type": "Hex High Entropy String",
        "filename": "wiki/.arifos/wiki_files.jsonl",
        "hashed_secret": "94283c2b38d67e0bdb235fd3523abc0571648f1a",
        "is_verified": false,
        "line_number": 112
      },
      {
        "type": "Hex High Entropy String",
        "filename": "wiki/.arifos/wiki_files.jsonl",
        "hashed_secret": "afd414318eb176e7512108b1be65ef841c71b397",
        "is_verified": false,
        "line_number": 113
      },
      {
        "type": "Hex High Entropy String",
        "filename": "wiki/.arifos/wiki_files.jsonl",
        "hashed_secret": "028ad7431e86304da24c4d1d7060020445b1cd6f",
        "is_verified": false,
        "line_number": 114
      },
      {
        "type": "Hex High Entropy String",
        "filename": "wiki/.arifos/wiki_files.jsonl",
        "hashed_secret": "10abbfe45dc0a629945dba0be2483364b1ed223a",
        "is_verified": false,
        "line_number": 115
      },
      {
        "type": "Hex High Entropy String",
        "filename": "wiki/.arifos/wiki_files.jsonl",
        "hashed_secret": "9a8a350fe718e8c45c044d4228dd49d2cb3cd5f5",
        "is_verified": false,
        "line_number": 116
      },
      {
        "type": "Hex High Entropy String",
        "filename": "wiki/.arifos/wiki_files.jsonl",
        "hashed_secret": "f1e6cf052dd06e479885aebe02a2262f98aaf868",
        "is_verified": false,
        "line_number": 117
      },
      {
        "type": "Hex High Entropy String",
        "filename": "wiki/.arifos/wiki_files.jsonl",
        "hashed_secret": "da4e788bc14882a0b4eb3d527113cb827f256216",
        "is_verified": false,
        "line_number": 118
      },
      {
        "type": "Hex High Entropy String",
        "filename": "wiki/.arifos/wiki_files.jsonl",
        "hashed_secret": "c983da4bf00e59b13077287abef45743c3ee3860",
        "is_verified": false,
        "line_number": 119
      },
      {
        "type": "Hex High Entropy String",
        "filename": "wiki/.arifos/wiki_files.jsonl",
        "hashed_secret": "1932f90368952e39853344130f4397f3b98cb428",
        "is_verified": false,
        "line_number": 120
      },
      {
        "type": "Hex High Entropy String",
        "filename": "wiki/.arifos/wiki_files.jsonl",
        "hashed_secret": "66bc31011e650fbf5255177593a96aa6812c68af",
        "is_verified": false,
        "line_number": 121
      },
      {
        "type": "Hex High Entropy String",
        "filename": "wiki/.arifos/wiki_files.jsonl",
        "hashed_secret": "2e0a0ec6af21c916112dd94ec48ac6317fb75a33",
        "is_verified": false,
        "line_number": 122
      },
      {
        "type": "Hex High Entropy String",
        "filename": "wiki/.arifos/wiki_files.jsonl",
        "hashed_secret": "6fb613e05f03244789f4e4991c73ba8a83cf8788",
        "is_verified": false,
        "line_number": 123
      },
      {
        "type": "Hex High Entropy String",
        "filename": "wiki/.arifos/wiki_files.jsonl",
        "hashed_secret": "689cb893936e89c0d38eacaf0639dec7c37563fe",
        "is_verified": false,
        "line_number": 124
      },
      {
        "type": "Hex High Entropy String",
        "filename": "wiki/.arifos/wiki_files.jsonl",
        "hashed_secret": "efd7e07b73825d2f81468ab6369ee1c5657e9d20",
        "is_verified": false,
        "line_number": 125
      },
      {
        "type": "Hex High Entropy String",
        "filename": "wiki/.arifos/wiki_files.jsonl",
        "hashed_secret": "5ae4a8b9fae155832a28173ecd6df6e4d587fa2f",
        "is_verified": false,
        "line_number": 126
      },
      {
        "type": "Hex High Entropy String",
        "filename": "wiki/.arifos/wiki_files.jsonl",
        "hashed_secret": "85c842955dd2871054d9471fcc633bb3f1d0f09e",
        "is_verified": false,
        "line_number": 127
      },
      {
        "type": "Hex High Entropy String",
        "filename": "wiki/.arifos/wiki_files.jsonl",
        "hashed_secret": "4b202c957a3996336ab1384d0488a98f6ffb3419",
        "is_verified": false,
        "line_number": 128
      },
      {
        "type": "Hex High Entropy String",
        "filename": "wiki/.arifos/wiki_files.jsonl",
        "hashed_secret": "346207ad2ca84ba8814317056c66f293b90d869c",
        "is_verified": false,
        "line_number": 129
      },
      {
        "type": "Hex High Entropy String",
        "filename": "wiki/.arifos/wiki_files.jsonl",
        "hashed_secret": "3b23ab91a14f852c9220d9148b59f316d187ab0d",
        "is_verified": false,
        "line_number": 130
      },
      {
        "type": "Hex High Entropy String",
        "filename": "wiki/.arifos/wiki_files.jsonl",
        "hashed_secret": "b39e33dbec4997da80fff34412005eaadd6cfa54",
        "is_verified": false,
        "line_number": 131
      },
      {
        "type": "Hex High Entropy String",
        "filename": "wiki/.arifos/wiki_files.jsonl",
        "hashed_secret": "27e5bd53c5d91b5dd9526cee9b0217eaca9badbf",
        "is_verified": false,
        "line_number": 132
      },
      {
        "type": "Hex High Entropy String",
        "filename": "wiki/.arifos/wiki_files.jsonl",
        "hashed_secret": "9633f861e6bddc214d209ecd03a37f49e00daad6",
        "is_verified": false,
        "line_number": 133
      },
      {
        "type": "Hex High Entropy String",
        "filename": "wiki/.arifos/wiki_files.jsonl",
        "hashed_secret": "307cba252ec71fc31ee1c2e1cb6fc1f701114b99",
        "is_verified": false,
        "line_number": 134
      },
      {
        "type": "Hex High Entropy String",
        "filename": "wiki/.arifos/wiki_files.jsonl",
        "hashed_secret": "f090436926efa1b555759f56aad3145497d3bb55",
        "is_verified": false,
        "line_number": 135
      },
      {
        "type": "Hex High Entropy String",
        "filename": "wiki/.arifos/wiki_files.jsonl",
        "hashed_secret": "7a4e353b1113a2adfe435fcd0bac24a2fa1caed1",
        "is_verified": false,
        "line_number": 136
      },
      {
        "type": "Hex High Entropy String",
        "filename": "wiki/.arifos/wiki_files.jsonl",
        "hashed_secret": "589fb696ee65fcc20b69f744f2ac1f18f1717c9f",
        "is_verified": false,
        "line_number": 137
      },
      {
        "type": "Hex High Entropy String",
        "filename": "wiki/.arifos/wiki_files.jsonl",
        "hashed_secret": "78f736d0ee342ae4f6c6087a077f1db0796a9d05",
        "is_verified": false,
        "line_number": 138
      },
      {
        "type": "Hex High Entropy String",
        "filename": "wiki/.arifos/wiki_files.jsonl",
        "hashed_secret": "271d38bcc2dc7d7832bc777c5bf5ece6d6b920bc",
        "is_verified": false,
        "line_number": 139
      },
      {
        "type": "Hex High Entropy String",
        "filename": "wiki/.arifos/wiki_files.jsonl",
        "hashed_secret": "a2f934d784cfa862372cd1e2e9e46329607d6e0e",
        "is_verified": false,
        "line_number": 140
      },
      {
        "type": "Hex High Entropy String",
        "filename": "wiki/.arifos/wiki_files.jsonl",
        "hashed_secret": "58839ee858ea0904cc57bfb3a56e2c60c9a9044d",
        "is_verified": false,
        "line_number": 141
      },
      {
        "type": "Hex High Entropy String",
        "filename": "wiki/.arifos/wiki_files.jsonl",
        "hashed_secret": "40f3a75f662dfca4df845d482822978135ba69a4",
        "is_verified": false,
        "line_number": 142
      },
      {
        "type": "Hex High Entropy String",
        "filename": "wiki/.arifos/wiki_files.jsonl",
        "hashed_secret": "0faf4849d465ac9fdc1f88ed42c58d8f8b0c5f0a",
        "is_verified": false,
        "line_number": 149
      },
      {
        "type": "Hex High Entropy String",
        "filename": "wiki/.arifos/wiki_files.jsonl",
        "hashed_secret": "394e473955ddefd1f9da1755ce0b36fd8c8988d8",
        "is_verified": false,
        "line_number": 150
      },
      {
        "type": "Hex High Entropy String",
        "filename": "wiki/.arifos/wiki_files.jsonl",
        "hashed_secret": "3d40398716d5da55d8f74dfd53a0427a2474f61a",
        "is_verified": false,
        "line_number": 151
      },
      {
        "type": "Hex High Entropy String",
        "filename": "wiki/.arifos/wiki_files.jsonl",
        "hashed_secret": "3c212c2ebd6a6e0dbb306344e33d7e7dc039ab65",
        "is_verified": false,
        "line_number": 152
      },
      {
        "type": "Hex High Entropy String",
        "filename": "wiki/.arifos/wiki_files.jsonl",
        "hashed_secret": "bfa13806eceb2cd1ecf0e55796e72a53270353fe",
        "is_verified": false,
        "line_number": 153
      },
      {
        "type": "Hex High Entropy String",
        "filename": "wiki/.arifos/wiki_files.jsonl",
        "hashed_secret": "71c7b776bc6de262aa3b43547bb87d89c2565158",
        "is_verified": false,
        "line_number": 154
      },
      {
        "type": "Hex High Entropy String",
        "filename": "wiki/.arifos/wiki_files.jsonl",
        "hashed_secret": "2b1782f56cf67624b2a213cb23bece72500ec208",
        "is_verified": false,
        "line_number": 155
      },
      {
        "type": "Hex High Entropy String",
        "filename": "wiki/.arifos/wiki_files.jsonl",
        "hashed_secret": "1cc8ae23dc518afa40201c568230677f450cb6db",
        "is_verified": false,
        "line_number": 156
      },
      {
        "type": "Hex High Entropy String",
        "filename": "wiki/.arifos/wiki_files.jsonl",
        "hashed_secret": "6dec4a2dd48abdd032f5a149055db5029cd1b4cc",
        "is_verified": false,
        "line_number": 157
      },
      {
        "type": "Hex High Entropy String",
        "filename": "wiki/.arifos/wiki_files.jsonl",
        "hashed_secret": "05479e81c7e82aa416b48d42a81cbce167bb7f99",
        "is_verified": false,
        "line_number": 158
      },
      {
        "type": "Hex High Entropy String",
        "filename": "wiki/.arifos/wiki_files.jsonl",
        "hashed_secret": "b7a690606aa50688159aaa1c64ac42e12e4e1c81",
        "is_verified": false,
        "line_number": 159
      },
      {
        "type": "Hex High Entropy String",
        "filename": "wiki/.arifos/wiki_files.jsonl",
        "hashed_secret": "06fa1b534db1ffc7a6ea82952e4bf3c02ccb186f",
        "is_verified": false,
        "line_number": 160
      },
      {
        "type": "Hex High Entropy String",
        "filename": "wiki/.arifos/wiki_files.jsonl",
        "hashed_secret": "1b7033c6870660d89df63321c99e4d5e47c153cf",
        "is_verified": false,
        "line_number": 161
      },
      {
        "type": "Hex High Entropy String",
        "filename": "wiki/.arifos/wiki_files.jsonl",
        "hashed_secret": "29d139dbd06e661320ae620ad7c05a2bf19fcedb",
        "is_verified": false,
        "line_number": 162
      },
      {
        "type": "Hex High Entropy String",
        "filename": "wiki/.arifos/wiki_files.jsonl",
        "hashed_secret": "e2b69342a12c029d0951cf23b675449f9e4a6b32",
        "is_verified": false,
        "line_number": 163
      },
      {
        "type": "Hex High Entropy String",
        "filename": "wiki/.arifos/wiki_files.jsonl",
        "hashed_secret": "6652bd3b825ad0133a16774b86923cb91e26469a",
        "is_verified": false,
        "line_number": 164
      },
      {
        "type": "Hex High Entropy String",
        "filename": "wiki/.arifos/wiki_files.jsonl",
        "hashed_secret": "3288bda0de7621aa83b309edad77c74f52e9ef10",
        "is_verified": false,
        "line_number": 165
      },
      {
        "type": "Hex High Entropy String",
        "filename": "wiki/.arifos/wiki_files.jsonl",
        "hashed_secret": "124b72062bb5e789e72e409684acb0316063c5b2",
        "is_verified": false,
        "line_number": 166
      },
      {
        "type": "Hex High Entropy String",
        "filename": "wiki/.arifos/wiki_files.jsonl",
        "hashed_secret": "75f5474e8670dc883c46d1b0017f8ca0bd073d72",
        "is_verified": false,
        "line_number": 167
      },
      {
        "type": "Hex High Entropy String",
        "filename": "wiki/.arifos/wiki_files.jsonl",
        "hashed_secret": "0f916206e902aa8856e1969c6dab3c12bab44848",
        "is_verified": false,
        "line_number": 168
      },
      {
        "type": "Hex High Entropy String",
        "filename": "wiki/.arifos/wiki_files.jsonl",
        "hashed_secret": "d0c3c369862167cf11fa9c8681b6aba2b357eaec",
        "is_verified": false,
        "line_number": 169
      },
      {
        "type": "Hex High Entropy String",
        "filename": "wiki/.arifos/wiki_files.jsonl",
        "hashed_secret": "e035e6f7d40c5b206bd4c89077b28c9459479223",
        "is_verified": false,
        "line_number": 170
      }
    ]
  },
  "generated_at": "2026-06-07T08:26:51Z"
}
