=== arifOS-sentinel check: Sun Apr 26 00:02:49 UTC 2026 ===
VETO ariffazil/arifOS:main
=== PRE-PUSH GUARD ===
Repo: /root/arifOS

Default branch: main
Current branch: main
Push target: main


=== F1 AMANAH: REVERSIBILITY CHECK ===
✅ F1: Branch naming follows constitutional pattern
VETO ariffazil/WEALTH:master
=== PRE-PUSH GUARD ===
Repo: /root/WEALTH

VETO ariffazil/GEOX:main
=== PRE-PUSH GUARD ===
Repo: /root/geox

Default branch: main
Current branch: main
Push target: main


=== F1 AMANAH: REVERSIBILITY CHECK ===
✅ F1: Branch naming follows constitutional pattern
VETO ariffazil/A-FORGE:main
=== PRE-PUSH GUARD ===
Repo: /root/A-FORGE

Default branch: main
Current branch: main
Push target: main


=== F1 AMANAH: REVERSIBILITY CHECK ===
✅ F1: Branch naming follows constitutional pattern
VETO ariffazil/arif-sites:main
=== PRE-PUSH GUARD ===
Repo: /root/arif-sites-work

Default branch: main
Current branch: main
Push target: main


=== F1 AMANAH: REVERSIBILITY CHECK ===
✅ F1: Branch naming follows constitutional pattern
VETO ariffazil/AAA:master
=== PRE-PUSH GUARD ===
Repo: /root/.openclaw/workspace

=== arifOS-sentinel check: Sun Apr 26 06:02:44 UTC 2026 ===
PASS ariffazil/arifOS:main
PASS ariffazil/WEALTH:master
PASS ariffazil/GEOX:main
PASS ariffazil/A-FORGE:main
PASS ariffazil/arif-sites:main
VETO ariffazil/AAA:master
=== PRE-PUSH GUARD ===
Repo: /root/.openclaw/workspace


=== arifOS-sentinel check: 2026-04-26 06:02 UTC ===
SKIP ariffazil/AAA:master — pre-push-check.sh crashes on this repo (origin HEAD is not a symbolic ref) — issue opened: https://github.com/ariffazil/AAA/issues/9
=== arifOS-sentinel check: Sun Apr 26 12:02:48 UTC 2026 ===
PASS ariffazil/arifOS:main
PASS ariffazil/WEALTH:master
PASS ariffazil/GEOX:main
PASS ariffazil/A-FORGE:main
PASS ariffazil/arif-sites:main
VETO ariffazil/AAA:master
=== PRE-PUSH GUARD ===
Repo: /root/.openclaw/workspace

=== arifOS-sentinel check: Sun Apr 26 12:11:53 UTC 2026 ===
PASS ariffazil/arifOS:main
PASS ariffazil/WEALTH:master
PASS ariffazil/GEOX:main
PASS ariffazil/A-FORGE:main
PASS ariffazil/arif-sites:main
PASS ariffazil/AAA
=== Sentinel check complete: Sun Apr 26 12:11:53 UTC 2026 ===
Vetoed repos: none
=== arifOS-sentinel check: Sun Apr 26 12:11:59 UTC 2026 ===
PASS ariffazil/arifOS:main
PASS ariffazil/WEALTH:master
PASS ariffazil/GEOX:main
PASS ariffazil/A-FORGE:main
PASS ariffazil/arif-sites:main
PASS ariffazil/AAA
=== Sentinel check complete: Sun Apr 26 12:11:59 UTC 2026 ===
Vetoed repos: none
=== arifOS-sentinel check: Sun Apr 26 18:02:50 UTC 2026 ===
PASS ariffazil/arifOS:main
PASS ariffazil/WEALTH:master
PASS ariffazil/GEOX:main
PASS ariffazil/A-FORGE:main
PASS ariffazil/arif-sites:main
PASS ariffazil/AAA
=== Sentinel check complete: Sun Apr 26 18:02:50 UTC 2026 ===
Vetoed repos: none
=== arifOS-sentinel check: Mon Apr 27 06:03:06 UTC 2026 ===
PASS ariffazil/arifOS:main
PASS ariffazil/WEALTH:master
PASS ariffazil/GEOX:main
PASS ariffazil/A-FORGE:main
PASS ariffazil/arif-sites:main
PASS ariffazil/AAA
=== Sentinel check complete: Mon Apr 27 06:03:07 UTC 2026 ===
Vetoed repos: none
=== arifOS-sentinel check: Mon Apr 27 12:02:47 UTC 2026 ===
PASS ariffazil/arifOS:main
PASS ariffazil/WEALTH:master
PASS ariffazil/GEOX:main
PASS ariffazil/A-FORGE:main
PASS ariffazil/arif-sites:main
PASS ariffazil/AAA
=== Sentinel check complete: Mon Apr 27 12:02:48 UTC 2026 ===
Vetoed repos: none
=== arifOS-sentinel check: Mon Apr 27 18:03:45 UTC 2026 ===
PASS ariffazil/arifOS:main
PASS ariffazil/WEALTH:master
PASS ariffazil/GEOX:main
PASS ariffazil/A-FORGE:main
PASS ariffazil/arif-sites:main
PASS ariffazil/AAA
=== Sentinel check complete: Mon Apr 27 18:03:46 UTC 2026 ===
Vetoed repos: none
=== arifOS-sentinel check: Tue Apr 28 00:03:44 UTC 2026 ===
PASS ariffazil/arifOS:main
PASS ariffazil/WEALTH:master
PASS ariffazil/GEOX:main
PASS ariffazil/A-FORGE:main
PASS ariffazil/arif-sites:main
PASS ariffazil/AAA
=== Sentinel check complete: Tue Apr 28 00:03:45 UTC 2026 ===
Vetoed repos: none
=== arifOS-sentinel check: Tue Apr 28 06:02:51 UTC 2026 ===
PASS ariffazil/arifOS:main
PASS ariffazil/WEALTH:master
PASS ariffazil/GEOX:main
PASS ariffazil/A-FORGE:main
PASS ariffazil/arif-sites:main
PASS ariffazil/AAA
=== Sentinel check complete: Tue Apr 28 06:02:51 UTC 2026 ===
Vetoed repos: none
=== arifOS-sentinel check: Tue Apr 28 12:02:48 UTC 2026 ===
PASS ariffazil/arifOS:main
PASS ariffazil/WEALTH:master
PASS ariffazil/GEOX:main
PASS ariffazil/A-FORGE:main
PASS ariffazil/arif-sites:main
PASS ariffazil/AAA
=== Sentinel check complete: Tue Apr 28 12:02:49 UTC 2026 ===
Vetoed repos: none
=== arifOS-sentinel check: Tue Apr 28 18:02:55 UTC 2026 ===
PASS ariffazil/arifOS:main
PASS ariffazil/WEALTH:master
PASS ariffazil/GEOX:main
PASS ariffazil/A-FORGE:main
PASS ariffazil/arif-sites:main
PASS ariffazil/AAA
=== Sentinel check complete: Tue Apr 28 18:02:55 UTC 2026 ===
Vetoed repos: none
=== arifOS-sentinel check: Tue Apr 28 18:02:58 UTC 2026 ===
PASS ariffazil/arifOS:main
PASS ariffazil/WEALTH:master
PASS ariffazil/GEOX:main
PASS ariffazil/A-FORGE:main
PASS ariffazil/arif-sites:main
PASS ariffazil/AAA
=== Sentinel check complete: Tue Apr 28 18:02:59 UTC 2026 ===
Vetoed repos: none
=== arifOS-sentinel check: Wed Apr 29 00:04:13 UTC 2026 ===
PASS ariffazil/arifOS:main
PASS ariffazil/WEALTH:master
PASS ariffazil/GEOX:main
PASS ariffazil/A-FORGE:main
PASS ariffazil/arif-sites:main
PASS ariffazil/AAA
=== Sentinel check complete: Wed Apr 29 00:04:14 UTC 2026 ===
Vetoed repos: none
=== arifOS-sentinel check: Wed Apr 29 06:03:01 UTC 2026 ===
PASS ariffazil/arifOS:main
PASS ariffazil/WEALTH:master
PASS ariffazil/GEOX:main
PASS ariffazil/A-FORGE:main
PASS ariffazil/arif-sites:main
PASS ariffazil/AAA
=== Sentinel check complete: Wed Apr 29 06:03:02 UTC 2026 ===
Vetoed repos: none
=== arifOS-sentinel check: Wed Apr 29 12:03:29 UTC 2026 ===
PASS ariffazil/arifOS:main
PASS ariffazil/WEALTH:master
PASS ariffazil/GEOX:main
PASS ariffazil/A-FORGE:main
PASS ariffazil/arif-sites:main
PASS ariffazil/AAA
=== Sentinel check complete: Wed Apr 29 12:03:30 UTC 2026 ===
Vetoed repos: none
=== arifOS-sentinel check: Wed Apr 29 18:04:13 UTC 2026 ===
PASS ariffazil/arifOS:main
PASS ariffazil/WEALTH:master
PASS ariffazil/GEOX:main
PASS ariffazil/A-FORGE:main
PASS ariffazil/arif-sites:main
PASS ariffazil/AAA
=== Sentinel check complete: Wed Apr 29 18:04:14 UTC 2026 ===
Vetoed repos: none
=== arifOS-sentinel check: Thu Apr 30 00:03:38 UTC 2026 ===
PASS ariffazil/arifOS:main
PASS ariffazil/WEALTH:master
PASS ariffazil/GEOX:main
PASS ariffazil/A-FORGE:main
PASS ariffazil/arif-sites:main
PASS ariffazil/AAA
=== Sentinel check complete: Thu Apr 30 00:03:38 UTC 2026 ===
Vetoed repos: none
=== arifOS-sentinel check: Thu Apr 30 00:03:56 UTC 2026 ===
PASS ariffazil/arifOS:main
PASS ariffazil/WEALTH:master
PASS ariffazil/GEOX:main
PASS ariffazil/A-FORGE:main
PASS ariffazil/arif-sites:main
PASS ariffazil/AAA
=== Sentinel check complete: Thu Apr 30 00:03:56 UTC 2026 ===
Vetoed repos: none
=== arifOS-sentinel check: Thu Apr 30 06:03:07 UTC 2026 ===
PASS ariffazil/arifOS:main
PASS ariffazil/WEALTH:master
PASS ariffazil/GEOX:main
PASS ariffazil/A-FORGE:main
PASS ariffazil/arif-sites:main
PASS ariffazil/AAA
=== Sentinel check complete: Thu Apr 30 06:03:08 UTC 2026 ===
Vetoed repos: none
=== arifOS-sentinel check: Thu Apr 30 12:02:52 UTC 2026 ===
PASS ariffazil/arifOS:main
PASS ariffazil/WEALTH:master
PASS ariffazil/GEOX:main
PASS ariffazil/A-FORGE:main
SKIP ariffazil/arif-sites:main — not found at /root/arif-sites-work
PASS ariffazil/AAA
=== Sentinel check complete: Thu Apr 30 12:02:53 UTC 2026 ===
Vetoed repos: none
=== arifOS-sentinel check: Thu Apr 30 18:02:45 UTC 2026 ===
PASS ariffazil/arifOS:main
PASS ariffazil/WEALTH:master
PASS ariffazil/GEOX:main
PASS ariffazil/A-FORGE:main
SKIP ariffazil/arif-sites:main — not found at /root/arif-sites-work
PASS ariffazil/AAA
=== Sentinel check complete: Thu Apr 30 18:02:46 UTC 2026 ===
Vetoed repos: none
=== arifOS-sentinel check: Fri May  1 00:02:46 UTC 2026 ===
PASS ariffazil/arifOS:main
PASS ariffazil/WEALTH:master
PASS ariffazil/GEOX:main
PASS ariffazil/A-FORGE:main
SKIP ariffazil/arif-sites:main — not found at /root/arif-sites-work
PASS ariffazil/AAA
=== Sentinel check complete: Fri May  1 00:02:47 UTC 2026 ===
Vetoed repos: none
=== arifOS-sentinel check: Fri May  1 00:02:53 UTC 2026 ===
PASS ariffazil/arifOS:main
PASS ariffazil/WEALTH:master
PASS ariffazil/GEOX:main
PASS ariffazil/A-FORGE:main
SKIP ariffazil/arif-sites:main — not found at /root/arif-sites-work
PASS ariffazil/AAA
=== Sentinel check complete: Fri May  1 00:02:54 UTC 2026 ===
Vetoed repos: none
=== arifOS-sentinel check: Fri May  1 06:03:01 UTC 2026 ===
PASS ariffazil/arifOS:main
PASS ariffazil/WEALTH:master
PASS ariffazil/GEOX:main
PASS ariffazil/A-FORGE:main
SKIP ariffazil/arif-sites:main — not found at /root/arif-sites-work
PASS ariffazil/AAA
=== Sentinel check complete: Fri May  1 06:03:01 UTC 2026 ===
Vetoed repos: none
=== arifOS-sentinel check: Fri May  1 12:02:43 UTC 2026 ===
PASS ariffazil/arifOS:main
PASS ariffazil/WEALTH:master
PASS ariffazil/GEOX:main
PASS ariffazil/A-FORGE:main
SKIP ariffazil/arif-sites:main — not found at /root/arif-sites-work
PASS ariffazil/AAA
=== Sentinel check complete: Fri May  1 12:02:43 UTC 2026 ===
Vetoed repos: none
=== arifOS-sentinel check: Fri May  1 18:03:50 UTC 2026 ===
PASS ariffazil/arifOS:main
PASS ariffazil/WEALTH:master
PASS ariffazil/GEOX:main
PASS ariffazil/A-FORGE:main
SKIP ariffazil/arif-sites:main — not found at /root/arif-sites-work
PASS ariffazil/AAA
=== Sentinel check complete: Fri May  1 18:03:50 UTC 2026 ===
Vetoed repos: none
=== arifOS-sentinel check: Sat May  2 00:04:30 UTC 2026 ===
PASS ariffazil/arifOS:main
PASS ariffazil/WEALTH:master
PASS ariffazil/GEOX:main
PASS ariffazil/A-FORGE:main
SKIP ariffazil/arif-sites:main — not found at /root/arif-sites-work
PASS ariffazil/AAA
=== Sentinel check complete: Sat May  2 00:04:30 UTC 2026 ===
Vetoed repos: none
=== arifOS-sentinel check: Sat May  2 06:04:42 UTC 2026 ===
VETO ariffazil/arifOS:main
VETO ariffazil/WEALTH:master
VETO ariffazil/GEOX:main
VETO ariffazil/A-FORGE:main
SKIP ariffazil/arif-sites:main — not found at /root/arif-sites-work
VETO ariffazil/AAA
=== arifOS-sentinel check: Sat May  2 06:07:30 UTC 2026 ===
VETO ariffazil/arifOS:main
VETO ariffazil/WEALTH:master
VETO ariffazil/GEOX:main
VETO ariffazil/A-FORGE:main
SKIP ariffazil/arif-sites:main — not found at /root/arif-sites-work
VETO ariffazil/AAA
=== arifOS-sentinel check: Sat May  2 06:03:38 UTC 2026 ===
PASS ariffazil/arifOS
PASS ariffazil/WEALTH
PASS ariffazil/GEOX
PASS ariffazil/A-FORGE
SKIP ariffazil/arif-sites:main — not found at /root/arif-sites-work
PASS ariffazil/AAA
=== Sentinel check complete: Sat May  2 06:03:38 UTC 2026 ===
Vetoed repos: none
=== arifOS-sentinel check: Sat May  2 12:04:01 UTC 2026 ===
PASS ariffazil/arifOS:main
PASS ariffazil/WEALTH:master
PASS ariffazil/GEOX:main
PASS ariffazil/A-FORGE:main
SKIP ariffazil/arif-sites:main — not found at /root/arif-sites-work
PASS ariffazil/AAA
=== Sentinel check complete: Sat May  2 12:04:02 UTC 2026 ===
Vetoed repos: none
=== arifOS-sentinel check: Sat May  2 18:03:13 UTC 2026 ===
PASS ariffazil/arifOS:main
PASS ariffazil/WEALTH:master
PASS ariffazil/GEOX:main
PASS ariffazil/A-FORGE:main
SKIP ariffazil/arif-sites:main — not found at /root/arif-sites-work
PASS ariffazil/AAA
=== Sentinel check complete: Sat May  2 18:03:14 UTC 2026 ===
Vetoed repos: none
=== arifOS-sentinel check: Sun May  3 18:03:15 UTC 2026 ===
PASS ariffazil/arifOS:main
PASS ariffazil/WEALTH:master
PASS ariffazil/GEOX:main
PASS ariffazil/A-FORGE:main
SKIP ariffazil/arif-sites:main — not found at /root/arif-sites-work
PASS ariffazil/AAA
=== Sentinel check complete: Sun May  3 18:03:16 UTC 2026 ===
Vetoed repos: none
=== arifOS-sentinel check: Mon May  4 00:03:15 UTC 2026 ===
PASS ariffazil/arifOS:main
PASS ariffazil/WEALTH:master
PASS ariffazil/GEOX:main
PASS ariffazil/A-FORGE:main
SKIP ariffazil/arif-sites:main — not found at /root/arif-sites-work
PASS ariffazil/AAA
=== Sentinel check complete: Mon May  4 00:03:16 UTC 2026 ===
Vetoed repos: none
=== arifOS-sentinel check: Mon May  4 06:05:39 UTC 2026 ===
PASS ariffazil/arifOS:main
PASS ariffazil/WEALTH:master
PASS ariffazil/GEOX:main
PASS ariffazil/A-FORGE:main
SKIP ariffazil/arif-sites:main — not found at /root/arif-sites-work
PASS ariffazil/AAA
=== Sentinel check complete: Mon May  4 06:05:39 UTC 2026 ===
Vetoed repos: none
=== arifOS-sentinel check: Mon May  4 12:04:02 UTC 2026 ===
PASS ariffazil/arifOS:main
PASS ariffazil/WEALTH:master
PASS ariffazil/GEOX:main
PASS ariffazil/A-FORGE:main
SKIP ariffazil/arif-sites:main — not found at /root/arif-sites-work
PASS ariffazil/AAA
=== Sentinel check complete: Mon May  4 12:04:03 UTC 2026 ===
Vetoed repos: none
=== arifOS-sentinel check: Mon May  4 18:03:22 UTC 2026 ===
PASS ariffazil/arifOS:main
PASS ariffazil/WEALTH:master
PASS ariffazil/GEOX:main
PASS ariffazil/A-FORGE:main
SKIP ariffazil/arif-sites:main — not found at /root/arif-sites-work
PASS ariffazil/AAA
=== Sentinel check complete: Mon May  4 18:03:23 UTC 2026 ===
Vetoed repos: none
=== arifOS-sentinel check: Tue May  5 00:10:26 UTC 2026 ===
PASS ariffazil/arifOS:main
PASS ariffazil/WEALTH:master
PASS ariffazil/GEOX:main
PASS ariffazil/A-FORGE:main
SKIP ariffazil/arif-sites:main — not found at /root/arif-sites-work
PASS ariffazil/AAA
=== Sentinel check complete: Tue May  5 00:10:26 UTC 2026 ===
Vetoed repos: none
=== arifOS-sentinel check: Tue May  5 06:03:19 UTC 2026 ===
PASS ariffazil/arifOS:main
PASS ariffazil/WEALTH:master
PASS ariffazil/GEOX:main
PASS ariffazil/A-FORGE:main
SKIP ariffazil/arif-sites:main — not found at /root/arif-sites-work
PASS ariffazil/AAA
=== Sentinel check complete: Tue May  5 06:03:20 UTC 2026 ===
Vetoed repos: none
=== arifOS-sentinel check: Tue May  5 12:03:13 UTC 2026 ===
PASS ariffazil/arifOS:main
PASS ariffazil/WEALTH:master
PASS ariffazil/GEOX:main
PASS ariffazil/A-FORGE:main
SKIP ariffazil/arif-sites:main — not found at /root/arif-sites-work
PASS ariffazil/AAA
=== Sentinel check complete: Tue May  5 12:03:13 UTC 2026 ===
Vetoed repos: none
=== arifOS-sentinel check: Tue May  5 18:03:51 UTC 2026 ===
PASS ariffazil/arifOS:main
PASS ariffazil/WEALTH:master
PASS ariffazil/GEOX:main
PASS ariffazil/A-FORGE:main
SKIP ariffazil/arif-sites:main — not found at /root/arif-sites-work
PASS ariffazil/AAA
=== Sentinel check complete: Tue May  5 18:03:51 UTC 2026 ===
Vetoed repos: none
=== arifOS-sentinel check: Wed May  6 00:04:29 UTC 2026 ===
PASS ariffazil/arifOS:main
PASS ariffazil/WEALTH:master
PASS ariffazil/GEOX:main
PASS ariffazil/A-FORGE:main
SKIP ariffazil/arif-sites:main — not found at /root/arif-sites-work
PASS ariffazil/AAA
=== Sentinel check complete: Wed May  6 00:04:29 UTC 2026 ===
Vetoed repos: none
=== arifOS-sentinel check: Wed May  6 06:03:43 UTC 2026 ===
PASS ariffazil/arifOS:main
PASS ariffazil/WEALTH:master
PASS ariffazil/GEOX:main
PASS ariffazil/A-FORGE:main
SKIP ariffazil/arif-sites:main — not found at /root/arif-sites-work
PASS ariffazil/AAA
=== Sentinel check complete: Wed May  6 06:03:44 UTC 2026 ===
Vetoed repos: none
=== arifOS-sentinel check: Wed May  6 12:03:17 UTC 2026 ===
PASS ariffazil/arifOS:main
PASS ariffazil/WEALTH:master
PASS ariffazil/GEOX:main
PASS ariffazil/A-FORGE:main
SKIP ariffazil/arif-sites:main — not found at /root/arif-sites-work
PASS ariffazil/AAA
=== Sentinel check complete: Wed May  6 12:03:18 UTC 2026 ===
Vetoed repos: none
=== arifOS-sentinel check: Wed May  6 18:03:16 UTC 2026 ===
PASS ariffazil/arifOS:main
PASS ariffazil/WEALTH:master
PASS ariffazil/GEOX:main
PASS ariffazil/A-FORGE:main
SKIP ariffazil/arif-sites:main — not found at /root/arif-sites-work
PASS ariffazil/AAA
=== Sentinel check complete: Wed May  6 18:03:30 UTC 2026 ===
Vetoed repos: none
=== arifOS-sentinel check: Thu May  7 00:03:21 UTC 2026 ===
PASS ariffazil/arifOS:main
PASS ariffazil/WEALTH:master
PASS ariffazil/GEOX:main
PASS ariffazil/A-FORGE:main
SKIP ariffazil/arif-sites:main — not found at /root/arif-sites-work
PASS ariffazil/AAA
=== Sentinel check complete: Thu May  7 00:03:37 UTC 2026 ===
Vetoed repos: none
=== arifOS-sentinel check: Thu May  7 06:05:13 UTC 2026 ===
PASS ariffazil/arifOS:main
PASS ariffazil/WEALTH:master
PASS ariffazil/GEOX:main
PASS ariffazil/A-FORGE:main
SKIP ariffazil/arif-sites:main — not found at /root/arif-sites-work
PASS ariffazil/AAA
=== Sentinel check complete: Thu May  7 06:05:14 UTC 2026 ===
Vetoed repos: none
=== arifOS-sentinel check: Thu May  7 12:03:24 UTC 2026 ===
PASS ariffazil/arifOS:main
PASS ariffazil/WEALTH:master
PASS ariffazil/GEOX:main
PASS ariffazil/A-FORGE:main
SKIP ariffazil/arif-sites:main — not found at /root/arif-sites-work
PASS ariffazil/AAA
=== Sentinel check complete: Thu May  7 12:03:25 UTC 2026 ===
Vetoed repos: none
=== arifOS-sentinel check: Thu May  7 12:03:39 UTC 2026 ===
PASS ariffazil/arifOS:main
PASS ariffazil/WEALTH:master
PASS ariffazil/GEOX:main
PASS ariffazil/A-FORGE:main
SKIP ariffazil/arif-sites:main — not found at /root/arif-sites-work
PASS ariffazil/AAA
=== Sentinel check complete: Thu May  7 12:03:39 UTC 2026 ===
Vetoed repos: none
=== arifOS-sentinel check: Thu May  7 18:03:40 UTC 2026 ===
PASS ariffazil/arifOS:main
PASS ariffazil/WEALTH:master
PASS ariffazil/GEOX:main
PASS ariffazil/A-FORGE:main
SKIP ariffazil/arif-sites:main — not found at /root/arif-sites-work
PASS ariffazil/AAA
=== Sentinel check complete: Thu May  7 18:03:40 UTC 2026 ===
Vetoed repos: none
=== arifOS-sentinel check: Fri May  8 00:03:50 UTC 2026 ===
PASS ariffazil/arifOS:main
PASS ariffazil/WEALTH:master
PASS ariffazil/GEOX:main
PASS ariffazil/A-FORGE:main
SKIP ariffazil/arif-sites:main — not found at /root/arif-sites-work
PASS ariffazil/AAA
=== Sentinel check complete: Fri May  8 00:03:50 UTC 2026 ===
Vetoed repos: none
=== arifOS-sentinel check: Fri May  8 06:03:40 UTC 2026 ===
PASS ariffazil/arifOS:main
PASS ariffazil/WEALTH:master
PASS ariffazil/GEOX:main
PASS ariffazil/A-FORGE:main
SKIP ariffazil/arif-sites:main — not found at /root/arif-sites-work
PASS ariffazil/AAA
=== Sentinel check complete: Fri May  8 06:03:40 UTC 2026 ===
Vetoed repos: none
=== arifOS-sentinel check: Fri May  8 12:03:34 UTC 2026 ===
PASS ariffazil/arifOS:main
PASS ariffazil/WEALTH:master
PASS ariffazil/GEOX:main
PASS ariffazil/A-FORGE:main
SKIP ariffazil/arif-sites:main — not found at /root/arif-sites-work
PASS ariffazil/AAA
=== Sentinel check complete: Fri May  8 12:03:35 UTC 2026 ===
Vetoed repos: none
=== arifOS-sentinel check: Fri May  8 18:03:27 UTC 2026 ===
PASS ariffazil/arifOS:main
PASS ariffazil/WEALTH:master
PASS ariffazil/GEOX:main
PASS ariffazil/A-FORGE:main
SKIP ariffazil/arif-sites:main — not found at /root/arif-sites-work
PASS ariffazil/AAA
=== Sentinel check complete: Fri May  8 18:03:28 UTC 2026 ===
Vetoed repos: none
=== arifOS-sentinel check: Sat May  9 00:03:44 UTC 2026 ===
PASS ariffazil/arifOS:main
PASS ariffazil/WEALTH:master
PASS ariffazil/GEOX:main
PASS ariffazil/A-FORGE:main
SKIP ariffazil/arif-sites:main — not found at /root/arif-sites-work
PASS ariffazil/AAA
=== Sentinel check complete: Sat May  9 00:03:46 UTC 2026 ===
Vetoed repos: none
=== arifOS-sentinel check: Sat May  9 06:03:28 UTC 2026 ===
PASS ariffazil/arifOS:main
PASS ariffazil/WEALTH:master
PASS ariffazil/GEOX:main
PASS ariffazil/A-FORGE:main
SKIP ariffazil/arif-sites:main — not found at /root/arif-sites-work
PASS ariffazil/AAA
=== Sentinel check complete: Sat May  9 06:03:29 UTC 2026 ===
Vetoed repos: none
